 Beta activation of the GRPC server.

 Ansys Mechanical Enterprise                       


 *------------------------------------------------------------------*
 |                                                                  |
 |   W E L C O M E   T O   T H E   A N S Y S (R)  P R O G R A M     |
 |                                                                  |
 *------------------------------------------------------------------*




 ***************************************************************
 *            ANSYS 2021 R2          LEGAL NOTICES             *
 ***************************************************************
 *                                                             *
 * Copyright 1971-2021 ANSYS, Inc.  All rights reserved.       *
 * Unauthorized use, distribution or duplication is            *
 * prohibited.                                                 *
 *                                                             *
 * Ansys is a registered trademark of ANSYS, Inc. or its       *
 * subsidiaries in the United States or other countries.       *
 * See the ANSYS, Inc. online documentation or the ANSYS, Inc. *
 * documentation CD or online help for the complete Legal      *
 * Notice.                                                     *
 *                                                             *
 ***************************************************************
 *                                                             *
 * THIS ANSYS SOFTWARE PRODUCT AND PROGRAM DOCUMENTATION       *
 * INCLUDE TRADE SECRETS AND CONFIDENTIAL AND PROPRIETARY      *
 * PRODUCTS OF ANSYS, INC., ITS SUBSIDIARIES, OR LICENSORS.    *
 * The software products and documentation are furnished by    *
 * ANSYS, Inc. or its subsidiaries under a software license    *
 * agreement that contains provisions concerning               *
 * non-disclosure, copying, length and nature of use,          *
 * compliance with exporting laws, warranties, disclaimers,    *
 * limitations of liability, and remedies, and other           *
 * provisions.  The software products and documentation may be *
 * used, disclosed, transferred, or copied only in accordance  *
 * with the terms and conditions of that software license      *
 * agreement.                                                  *
 *                                                             *
 * ANSYS, Inc. is a UL registered                              *
 * ISO 9001:2015 company.                                      *
 *                                                             *
 ***************************************************************
 *                                                             *
 * This product is subject to U.S. laws governing export and   *
 * re-export.                                                  *
 *                                                             *
 * For U.S. Government users, except as specifically granted   *
 * by the ANSYS, Inc. software license agreement, the use,     *
 * duplication, or disclosure by the United States Government  *
 * is subject to restrictions stated in the ANSYS, Inc.        *
 * software license agreement and FAR 12.212 (for non-DOD      *
 * licenses).                                                  *
 *                                                             *
 ***************************************************************

 2021 R2 
     
 Point Releases and Patches installed:   
     
 ANSYS, Inc. Products 2021 R2
 SpaceClaim 2021 R2  
 Discovery 2021 R2   
 ANSYS Sherlock 2021 R2  
 Autodyn 2021 R2 
 LS-DYNA 2021 R2 
 CFX (includes CFD-Post) 2021 R2 
 Chemkin 2021 R2 
 EnSight 2021 R2 
 FENSAP-ICE 2021 R2  
 Fluent (includes CFD-Post) 2021 R2  
 Polyflow (includes CFD-Post) 2021 R2
 Forte (includes EnSight) 2021 R2
 TurboGrid 2021 R2   
 ICEM CFD 2021 R2
 Aqwa 2021 R2
 Speos 2021 R2   
 Additive 2021 R2
 Mechanical Products 2021 R2 
 Icepak (includes CFD-Post) 2021 R2  
 ACIS Geometry Interface 2021 R2 
 AutoCAD Geometry Interface 2021 R2  
 Catia, Version 4 Geometry Interface 2021 R2 
 Catia, Version 5 Geometry Interface 2021 R2 
 Catia, Version 6 Geometry Interface 2021 R2 
 Creo Elements/Direct Modeling Geometry Interface 2021 R2
 Creo Parametric Geometry Interface 2021 R2  
 Inventor Geometry Interface 2021 R2 
 JTOpen Geometry Interface 2021 R2   
 NX Geometry Interface 2021 R2   
 Parasolid Geometry Interface  2021 R2   
 Solid Edge Geometry Interface 2021 R2   
 SOLIDWORKS Geometry Interface 2021 R2   
 ANSYS, Inc. License Manager 2021 R2 


          *****  ANSYS COMMAND LINE ARGUMENTS  *****
  INITIAL JOBNAME              = file                                                                                                                                                                                                                                                    
  BATCH MODE REQUESTED (-b)    = LIST
  INPUT FILE COPY MODE (-c)    = COPY
  MPI OPTION                   = MSMPI   
  INPUT FILE NAME              = C:\Users\priya\Desktop\Skills\Placement Prep\AI in FEA project\PyAnsys method\debug_import\.__tmp__.inp
  OUTPUT FILE NAME             = C:\Users\priya\Desktop\Skills\Placement Prep\AI in FEA project\PyAnsys method\debug_import\.__tmp__.out

 PARAMETER STATUS-           (   1 PARAMETERS DEFINED)

 NAME                              VALUE                        TYPE
 PORT                              50052.0000                    SCALAR

 RELEASE= 2021 R2              BUILD= 21.2      UP20210601   VERSION=WINDOWS x64 
 CURRENT JOBNAME=file0  17:38:29  SEP 02, 2026 CP=      1.984

     1  FINISH 

 RUN SETUP PROCEDURE FROM FILE= C:\Program Files\ANSYS Inc\v212\ANSYS\apdl\start.ans
 Start GRPC Server

 ##############################
 ### START GRPC SERVER      ###
 ##############################

 Server Executable   : MapdlGrpc.Server
 Server listening on : 0.0.0.0:50052

 /OUTPUT FILE= anstmp

 /OUTPUT FILE= anstmp

 *** ANSYS - ENGINEERING ANALYSIS SYSTEM  RELEASE 2021 R2          21.2     ***
 DISTRIBUTED Ansys Mechanical Enterprise                       

 00000000  VERSION=WINDOWS x64   17:38:32  SEP 02, 2026 CP=      2.172

                                                                               




          ***** TIME-HISTORY POSTPROCESSOR (POST26) *****

 ALL POST26 SPECIFICATIONS ARE RESET TO INITIAL DEFAULTS

 *** NOTE ***                            CP =       2.172   TIME= 17:38:32
 Geometry is not available.  Issue RESUME to restore database.           

 *** NOTE ***                            CP =       2.172   TIME= 17:38:32
 Unable to open default results file file.rst                            
  Use FILE command to open a results file.                               

 *** WARNING ***                         CP =       2.172   TIME= 17:38:32
 The geometry is not available.  Issue the RESUME command to restore the 
 database.  The NUMVAR command is ignored.                               


 ***** ROUTINE COMPLETED *****  CP =         2.172



 /OUTPUT FILE= anstmp

 *** WARNING ***                         CP =       2.188   TIME= 17:38:32
 Altering the abort level key is not recommended.                        


 NUMBER OF DISPLAYED ERRORS ALLOWED PER COMMAND=                200
 NUMBER OF ERRORS ALLOWED PER COMMAND BEFORE ANSYS ABORT=     10000
 ABORT LEVEL KEY= -1
 ALL ERRORS WRITTEN TO C:\Users\priya\Desktop\Skills\Placement Prep\AI in FEA project\PyAnsys method\debug_import\file0.err                                                                                                                                                                
 DO NOT TERMINATE /INPUT UPON FIRST ERROR

 /OUTPUT FILE= anstmp

 /OUTPUT FILE= anstmp

 /OUTPUT FILE= anstmp

 /OUTPUT FILE= anstmp

 /OUTPUT FILE= anstmp

 CLEAR ANSYS DATABASE AND RESTART

 Ansys Mechanical Enterprise                       

 /OUTPUT FILE= anstmp

 /OUTPUT FILE= anstmp

 /OUTPUT FILE= anstmp

 /OUTPUT FILE= anstmp

 /OUTPUT FILE= anstmp

 /OUTPUT FILE= anstmp

 /OUTPUT FILE= anstmp


 ***** ROUTINE COMPLETED *****  CP =         2.328



 *** ANSYS - ENGINEERING ANALYSIS SYSTEM  RELEASE 2021 R2          21.2     ***
 DISTRIBUTED Ansys Mechanical Enterprise                       

 00000000  VERSION=WINDOWS x64   17:38:34  SEP 02, 2026 CP=      2.328

  File: C:\Users\priya\Desktop\Skills\Placement Prep\AI in FEA project\CAD\L mo



          ***** ANSYS ANALYSIS DEFINITION (PREP7) *****

 /OUTPUT FILE= anstmp

 /OUTPUT FILE= anstmp

 /OUTPUT FILE= anstmp

 /OUTPUT FILE= anstmp

 /OUTPUT FILE= anstmp

 VECTOR GET OPERATION  _MYVGET_  VECTOR LENGTH=   17523
 NAME= NODE         0  NLIS      

 /OUTPUT FILE= anstmp

 VECTOR GET OPERATION  _MYVGET_  VECTOR LENGTH=   17523
 NAME= NODE         0  NLIS      

 /OUTPUT FILE= anstmp

 /OUTPUT FILE= anstmp

 /OUTPUT FILE= anstmp

 VECTOR GET OPERATION  _MYVGET_  VECTOR LENGTH=   17523
 NAME= NODE         0  NLIS      

 /OUTPUT FILE= anstmp

 VECTOR GET OPERATION  _MYVGET_  VECTOR LENGTH=   17523
 NAME= NODE         0  NLIS      

 /OUTPUT FILE= anstmp

 /OUTPUT FILE= anstmp

 /OUTPUT FILE= anstmp

 /OUTPUT FILE= anstmp

 VECTOR GET OPERATION  _MYVGET_  VECTOR LENGTH=   17524
 NAME= NODE         0  NLIS      

 /OUTPUT FILE= anstmp

 /OUTPUT FILE= anstmp

 /OUTPUT FILE= anstmp

 /OUTPUT FILE= anstmp

 /OUTPUT FILE= anstmp


 ***** ROUTINE COMPLETED *****  CP =         2.844



 PURGE ALL SOLUTION AND POST DATA
 SAVE ALL MODEL DATA

 ALL CURRENT ANSYS DATA WRITTEN TO FILE NAME= file.db
  FOR POSSIBLE RESUME FROM THIS POINT


 NUMBER OF WARNING MESSAGES ENCOUNTERED=          4
 NUMBER OF ERROR   MESSAGES ENCOUNTERED=          0

+--------- D I S T R I B U T E D   A N S Y S   S T A T I S T I C S ------------+

Release: 2021 R2            Build: 21.2       Update: UP20210601   Platform: WINDOWS x64 
Date Run: 09/02/2026   Time: 17:38     Process ID: 18472
Operating System: Windows 10  (Build: 26100)

Processor Model: 12th Gen Intel(R) Core(TM) i5-12500H

Compiler: Intel(R) FORTRAN Compiler Version 19.0.0  (Build: 20190206)
          Intel(R) C/C++ Compiler Version 19.0.0  (Build: 20190206)
          Intel(R) Math Kernel Library Version 2020.0.0 Product Build 20191125
          BLAS Library supplied by Intel(R) MKL

Number of machines requested            :    1
Total number of cores available         :   16
Number of physical cores available      :   12
Number of processes requested           :    2
Number of threads per process requested :    1
Total number of cores requested         :    2 (Distributed Memory Parallel)               
MPI Type: MSMPI   
MPI Version: Microsoft MPI 10.1.12498.18

GPU Acceleration: Not Requested

Job Name: file0
Input File: .__tmp__.inp

  Core                Machine Name   Working Directory
 -----------------------------------------------------
     0                   Priyavrat   C:\Users\priya\Desktop\Skills\Placement Prep\AI in FEA project\PyAnsys method\debug_import
     1                   Priyavrat   C:\Users\priya\Desktop\Skills\Placement Prep\AI in FEA project\PyAnsys method\debug_import
 
Latency time from master to core     1 =    2.370 microseconds
 
Communication speed from master to core     1 =  3082.89 MB/sec

Total CPU time for main thread                    :        0.3 seconds
Total CPU time summed for all threads             :        3.1 seconds

Elapsed time spent obtaining a license            :        8.1 seconds
Elapsed time spent pre-processing model (/PREP7)  :        2.5 seconds
Elapsed time spent solution - preprocessing       :        0.0 seconds
Elapsed time spent computing solution             :        0.0 seconds
Elapsed time spent solution - postprocessing      :        0.0 seconds
Elapsed time spent post-processing model (/POST1) :        0.0 seconds
Elapsed time spent post-processing model (/POST26):        0.0 seconds
 

Maximum total memory used                         :       95.0 MB
Maximum total memory allocated                    :     3136.0 MB
Total physical memory available                   :         16 GB

Total amount of I/O written to disk               :        0.0 GB
Total amount of I/O read from disk                :        0.0 GB

+------ E N D   D I S T R I B U T E D   A N S Y S   S T A T I S T I C S -------+


 *---------------------------------------------------------------------------*
 |                                                                           |
 |                       DISTRIBUTED ANSYS RUN COMPLETED                     |
 |                                                                           |
 |---------------------------------------------------------------------------|
 |                                                                           |
 | Ansys 2021 R2               Build 21.2         UP20210601     WINDOWS x64 |
 |                                                                           |
 |---------------------------------------------------------------------------|
 |                                                                           |
 | Database Requested(-db)  1024 MB    Scratch Memory Requested      1024 MB |
 | Maximum Database Used      15 MB    Maximum Scratch Memory Used     75 MB |
 |                                                                           |
 |---------------------------------------------------------------------------|
 |                                                                           |
 |        CP Time      (sec) =          3.109       Time  =  17:38:39        |
 |        Elapsed Time (sec) =         19.000       Date  =  09/02/2026      |
 |                                                                           |
 *---------------------------------------------------------------------------*
